  Determining projects to restore...
  All projects are up-to-date for restore.
f:\ReportsForLMS\Reports abo bakr source code\START--FRONT\reportsForLMSBE\src\StartBack.Domain\Entities\AcademicCalendarDetail.cs(1,7): error CS0246: The type or namespace name 'Contracts' could not be found (are you missing a using directive or an assembly reference?) [f:\ReportsForLMS\Reports abo bakr source code\START--FRONT\reportsForLMSBE\src\StartBack.Domain\StartBack.Domain.csproj]
f:\ReportsForLMS\Reports abo bakr source code\START--FRONT\reportsForLMSBE\src\StartBack.Domain\Entities\Course.cs(2,23): error CS0234: The type or namespace name 'Enums' does not exist in the namespace 'Entities.Models' (are you missing an assembly reference?) [f:\ReportsForLMS\Reports abo bakr source code\START--FRONT\reportsForLMSBE\src\StartBack.Domain\StartBack.Domain.csproj]
f:\ReportsForLMS\Reports abo bakr source code\START--FRONT\reportsForLMSBE\src\StartBack.Domain\Entities\DisciplineAction.cs(2,23): error CS0234: The type or namespace name 'Enums' does not exist in the namespace 'Entities.Models' (are you missing an assembly reference?) [f:\ReportsForLMS\Reports abo bakr source code\START--FRONT\reportsForLMSBE\src\StartBack.Domain\StartBack.Domain.csproj]
f:\ReportsForLMS\Reports abo bakr source code\START--FRONT\reportsForLMSBE\src\StartBack.Domain\Entities\DisciplineIncident.cs(2,23): error CS0234: The type or namespace name 'Enums' does not exist in the namespace 'Entities.Models' (are you missing an assembly reference?) [f:\ReportsForLMS\Reports abo bakr source code\START--FRONT\reportsForLMSBE\src\StartBack.Domain\StartBack.Domain.csproj]
f:\ReportsForLMS\Reports abo bakr source code\START--FRONT\reportsForLMSBE\src\StartBack.Domain\Entities\GradeScale.cs(1,7): error CS0246: The type or namespace name 'Contracts' could not be found (are you missing a using directive or an assembly reference?) [f:\ReportsForLMS\Reports abo bakr source code\START--FRONT\reportsForLMSBE\src\StartBack.Domain\StartBack.Domain.csproj]
f:\ReportsForLMS\Reports abo bakr source code\START--FRONT\reportsForLMSBE\src\StartBack.Domain\Entities\Guardian.cs(2,7): error CS0246: The type or namespace name 'Contracts' could not be found (are you missing a using directive or an assembly reference?) [f:\ReportsForLMS\Reports abo bakr source code\START--FRONT\reportsForLMSBE\src\StartBack.Domain\StartBack.Domain.csproj]
f:\ReportsForLMS\Reports abo bakr source code\START--FRONT\reportsForLMSBE\src\StartBack.Domain\Entities\LookupAttendanceCode.cs(2,23): error CS0234: The type or namespace name 'Enums' does not exist in the namespace 'Entities.Models' (are you missing an assembly reference?) [f:\ReportsForLMS\Reports abo bakr source code\START--FRONT\reportsForLMSBE\src\StartBack.Domain\StartBack.Domain.csproj]
f:\ReportsForLMS\Reports abo bakr source code\START--FRONT\reportsForLMSBE\src\StartBack.Domain\Entities\LookupEnrollmentCode.cs(2,23): error CS0234: The type or namespace name 'Enums' does not exist in the namespace 'Entities.Models' (are you missing an assembly reference?) [f:\ReportsForLMS\Reports abo bakr source code\START--FRONT\reportsForLMSBE\src\StartBack.Domain\StartBack.Domain.csproj]
f:\ReportsForLMS\Reports abo bakr source code\START--FRONT\reportsForLMSBE\src\StartBack.Domain\Entities\Person.cs(2,7): error CS0246: The type or namespace name 'Contracts' could not be found (are you missing a using directive or an assembly reference?) [f:\ReportsForLMS\Reports abo bakr source code\START--FRONT\reportsForLMSBE\src\StartBack.Domain\StartBack.Domain.csproj]
f:\ReportsForLMS\Reports abo bakr source code\START--FRONT\reportsForLMSBE\src\StartBack.Domain\Entities\PersonUniversity.cs(2,7): error CS0246: The type or namespace name 'Contracts' could not be found (are you missing a using directive or an assembly reference?) [f:\ReportsForLMS\Reports abo bakr source code\START--FRONT\reportsForLMSBE\src\StartBack.Domain\StartBack.Domain.csproj]
f:\ReportsForLMS\Reports abo bakr source code\START--FRONT\reportsForLMSBE\src\StartBack.Domain\Entities\Room.cs(2,23): error CS0234: The type or namespace name 'Enums' does not exist in the namespace 'Entities.Models' (are you missing an assembly reference?) [f:\ReportsForLMS\Reports abo bakr source code\START--FRONT\reportsForLMSBE\src\StartBack.Domain\StartBack.Domain.csproj]
f:\ReportsForLMS\Reports abo bakr source code\START--FRONT\reportsForLMSBE\src\StartBack.Domain\Entities\Staff.cs(2,7): error CS0246: The type or namespace name 'Contracts' could not be found (are you missing a using directive or an assembly reference?) [f:\ReportsForLMS\Reports abo bakr source code\START--FRONT\reportsForLMSBE\src\StartBack.Domain\StartBack.Domain.csproj]
f:\ReportsForLMS\Reports abo bakr source code\START--FRONT\reportsForLMSBE\src\StartBack.Domain\Entities\Student.cs(2,7): error CS0246: The type or namespace name 'Contracts' could not be found (are you missing a using directive or an assembly reference?) [f:\ReportsForLMS\Reports abo bakr source code\START--FRONT\reportsForLMSBE\src\StartBack.Domain\StartBack.Domain.csproj]
f:\ReportsForLMS\Reports abo bakr source code\START--FRONT\reportsForLMSBE\src\StartBack.Domain\Entities\BaseEntity.cs(15,36): warning CS8766: Nullability of reference types in return type of 'string? BaseEntity.CreatedBy.get' doesn't match implicitly implemented member 'string IAuditableEntity.CreatedBy.get' (possibly because of nullability attributes). [f:\ReportsForLMS\Reports abo bakr source code\START--FRONT\reportsForLMSBE\src\StartBack.Domain\StartBack.Domain.csproj]
f:\ReportsForLMS\Reports abo bakr source code\START--FRONT\reportsForLMSBE\src\StartBack.Domain\Entities\BaseEntity.cs(16,36): warning CS8766: Nullability of reference types in return type of 'string? BaseEntity.UpdatedBy.get' doesn't match implicitly implemented member 'string IAuditableEntity.UpdatedBy.get' (possibly because of nullability attributes). [f:\ReportsForLMS\Reports abo bakr source code\START--FRONT\reportsForLMSBE\src\StartBack.Domain\StartBack.Domain.csproj]
f:\ReportsForLMS\Reports abo bakr source code\START--FRONT\reportsForLMSBE\src\StartBack.Domain\Entities\BaseEntity.cs(21,36): warning CS8766: Nullability of reference types in return type of 'string? BaseEntity.DeletedBy.get' doesn't match implicitly implemented member 'string ISoftDeletable.DeletedBy.get' (possibly because of nullability attributes). [f:\ReportsForLMS\Reports abo bakr source code\START--FRONT\reportsForLMSBE\src\StartBack.Domain\StartBack.Domain.csproj]
f:\ReportsForLMS\Reports abo bakr source code\START--FRONT\reportsForLMSBE\src\StartBack.Domain\Entities\DisciplineIncident.cs(71,12): error CS0246: The type or namespace name 'IncidentStatus' could not be found (are you missing a using directive or an assembly reference?) [f:\ReportsForLMS\Reports abo bakr source code\START--FRONT\reportsForLMSBE\src\StartBack.Domain\StartBack.Domain.csproj]
f:\ReportsForLMS\Reports abo bakr source code\START--FRONT\reportsForLMSBE\src\StartBack.Domain\Entities\AcademicCalendarDetail.cs(14,12): error CS0246: The type or namespace name 'HolidayType' could not be found (are you missing a using directive or an assembly reference?) [f:\ReportsForLMS\Reports abo bakr source code\START--FRONT\reportsForLMSBE\src\StartBack.Domain\StartBack.Domain.csproj]
f:\ReportsForLMS\Reports abo bakr source code\START--FRONT\reportsForLMSBE\src\StartBack.Domain\Entities\Guardian.cs(41,12): error CS0246: The type or namespace name 'Gender' could not be found (are you missing a using directive or an assembly reference?) [f:\ReportsForLMS\Reports abo bakr source code\START--FRONT\reportsForLMSBE\src\StartBack.Domain\StartBack.Domain.csproj]
f:\ReportsForLMS\Reports abo bakr source code\START--FRONT\reportsForLMSBE\src\StartBack.Domain\Entities\DisciplineAction.cs(74,12): error CS0246: The type or namespace name 'ActionStatus' could not be found (are you missing a using directive or an assembly reference?) [f:\ReportsForLMS\Reports abo bakr source code\START--FRONT\reportsForLMSBE\src\StartBack.Domain\StartBack.Domain.csproj]
f:\ReportsForLMS\Reports abo bakr source code\START--FRONT\reportsForLMSBE\src\StartBack.Domain\Entities\DisciplineIncidentStudent.cs(8,42): error CS0246: The type or namespace name 'BaseTable' could not be found (are you missing a using directive or an assembly reference?) [f:\ReportsForLMS\Reports abo bakr source code\START--FRONT\reportsForLMSBE\src\StartBack.Domain\StartBack.Domain.csproj]
f:\ReportsForLMS\Reports abo bakr source code\START--FRONT\reportsForLMSBE\src\StartBack.Domain\Entities\Person.cs(18,12): error CS0246: The type or namespace name 'Gender' could not be found (are you missing a using directive or an assembly reference?) [f:\ReportsForLMS\Reports abo bakr source code\START--FRONT\reportsForLMSBE\src\StartBack.Domain\StartBack.Domain.csproj]
f:\ReportsForLMS\Reports abo bakr source code\START--FRONT\reportsForLMSBE\src\StartBack.Domain\Entities\DisciplineIncidentStudent.cs(25,12): error CS0246: The type or namespace name 'IncidentRole' could not be found (are you missing a using directive or an assembly reference?) [f:\ReportsForLMS\Reports abo bakr source code\START--FRONT\reportsForLMSBE\src\StartBack.Domain\StartBack.Domain.csproj]
f:\ReportsForLMS\Reports abo bakr source code\START--FRONT\reportsForLMSBE\src\StartBack.Domain\Entities\GradeScale.cs(14,12): error CS0246: The type or namespace name 'GradingType' could not be found (are you missing a using directive or an assembly reference?) [f:\ReportsForLMS\Reports abo bakr source code\START--FRONT\reportsForLMSBE\src\StartBack.Domain\StartBack.Domain.csproj]
f:\ReportsForLMS\Reports abo bakr source code\START--FRONT\reportsForLMSBE\src\StartBack.Domain\Entities\PersonUniversity.cs(15,12): error CS0246: The type or namespace name 'PersonType' could not be found (are you missing a using directive or an assembly reference?) [f:\ReportsForLMS\Reports abo bakr source code\START--FRONT\reportsForLMSBE\src\StartBack.Domain\StartBack.Domain.csproj]
f:\ReportsForLMS\Reports abo bakr source code\START--FRONT\reportsForLMSBE\src\StartBack.Domain\Entities\LookupAttendanceCode.cs(42,12): error CS0246: The type or namespace name 'AttendanceType' could not be found (are you missing a using directive or an assembly reference?) [f:\ReportsForLMS\Reports abo bakr source code\START--FRONT\reportsForLMSBE\src\StartBack.Domain\StartBack.Domain.csproj]
f:\ReportsForLMS\Reports abo bakr source code\START--FRONT\reportsForLMSBE\src\StartBack.Domain\Entities\Student.cs(60,12): error CS0246: The type or namespace name 'Gender' could not be found (are you missing a using directive or an assembly reference?) [f:\ReportsForLMS\Reports abo bakr source code\START--FRONT\reportsForLMSBE\src\StartBack.Domain\StartBack.Domain.csproj]
f:\ReportsForLMS\Reports abo bakr source code\START--FRONT\reportsForLMSBE\src\StartBack.Domain\Entities\Staff.cs(54,12): error CS0246: The type or namespace name 'Gender' could not be found (are you missing a using directive or an assembly reference?) [f:\ReportsForLMS\Reports abo bakr source code\START--FRONT\reportsForLMSBE\src\StartBack.Domain\StartBack.Domain.csproj]

Build FAILED.

f:\ReportsForLMS\Reports abo bakr source code\START--FRONT\reportsForLMSBE\src\StartBack.Domain\Entities\BaseEntity.cs(15,36): warning CS8766: Nullability of reference types in return type of 'string? BaseEntity.CreatedBy.get' doesn't match implicitly implemented member 'string IAuditableEntity.CreatedBy.get' (possibly because of nullability attributes). [f:\ReportsForLMS\Reports abo bakr source code\START--FRONT\reportsForLMSBE\src\StartBack.Domain\StartBack.Domain.csproj]
f:\ReportsForLMS\Reports abo bakr source code\START--FRONT\reportsForLMSBE\src\StartBack.Domain\Entities\BaseEntity.cs(16,36): warning CS8766: Nullability of reference types in return type of 'string? BaseEntity.UpdatedBy.get' doesn't match implicitly implemented member 'string IAuditableEntity.UpdatedBy.get' (possibly because of nullability attributes). [f:\ReportsForLMS\Reports abo bakr source code\START--FRONT\reportsForLMSBE\src\StartBack.Domain\StartBack.Domain.csproj]
f:\ReportsForLMS\Reports abo bakr source code\START--FRONT\reportsForLMSBE\src\StartBack.Domain\Entities\BaseEntity.cs(21,36): warning CS8766: Nullability of reference types in return type of 'string? BaseEntity.DeletedBy.get' doesn't match implicitly implemented member 'string ISoftDeletable.DeletedBy.get' (possibly because of nullability attributes). [f:\ReportsForLMS\Reports abo bakr source code\START--FRONT\reportsForLMSBE\src\StartBack.Domain\StartBack.Domain.csproj]
f:\ReportsForLMS\Reports abo bakr source code\START--FRONT\reportsForLMSBE\src\StartBack.Domain\Entities\AcademicCalendarDetail.cs(1,7): error CS0246: The type or namespace name 'Contracts' could not be found (are you missing a using directive or an assembly reference?) [f:\ReportsForLMS\Reports abo bakr source code\START--FRONT\reportsForLMSBE\src\StartBack.Domain\StartBack.Domain.csproj]
f:\ReportsForLMS\Reports abo bakr source code\START--FRONT\reportsForLMSBE\src\StartBack.Domain\Entities\Course.cs(2,23): error CS0234: The type or namespace name 'Enums' does not exist in the namespace 'Entities.Models' (are you missing an assembly reference?) [f:\ReportsForLMS\Reports abo bakr source code\START--FRONT\reportsForLMSBE\src\StartBack.Domain\StartBack.Domain.csproj]
f:\ReportsForLMS\Reports abo bakr source code\START--FRONT\reportsForLMSBE\src\StartBack.Domain\Entities\DisciplineAction.cs(2,23): error CS0234: The type or namespace name 'Enums' does not exist in the namespace 'Entities.Models' (are you missing an assembly reference?) [f:\ReportsForLMS\Reports abo bakr source code\START--FRONT\reportsForLMSBE\src\StartBack.Domain\StartBack.Domain.csproj]
f:\ReportsForLMS\Reports abo bakr source code\START--FRONT\reportsForLMSBE\src\StartBack.Domain\Entities\DisciplineIncident.cs(2,23): error CS0234: The type or namespace name 'Enums' does not exist in the namespace 'Entities.Models' (are you missing an assembly reference?) [f:\ReportsForLMS\Reports abo bakr source code\START--FRONT\reportsForLMSBE\src\StartBack.Domain\StartBack.Domain.csproj]
f:\ReportsForLMS\Reports abo bakr source code\START--FRONT\reportsForLMSBE\src\StartBack.Domain\Entities\GradeScale.cs(1,7): error CS0246: The type or namespace name 'Contracts' could not be found (are you missing a using directive or an assembly reference?) [f:\ReportsForLMS\Reports abo bakr source code\START--FRONT\reportsForLMSBE\src\StartBack.Domain\StartBack.Domain.csproj]
f:\ReportsForLMS\Reports abo bakr source code\START--FRONT\reportsForLMSBE\src\StartBack.Domain\Entities\Guardian.cs(2,7): error CS0246: The type or namespace name 'Contracts' could not be found (are you missing a using directive or an assembly reference?) [f:\ReportsForLMS\Reports abo bakr source code\START--FRONT\reportsForLMSBE\src\StartBack.Domain\StartBack.Domain.csproj]
f:\ReportsForLMS\Reports abo bakr source code\START--FRONT\reportsForLMSBE\src\StartBack.Domain\Entities\LookupAttendanceCode.cs(2,23): error CS0234: The type or namespace name 'Enums' does not exist in the namespace 'Entities.Models' (are you missing an assembly reference?) [f:\ReportsForLMS\Reports abo bakr source code\START--FRONT\reportsForLMSBE\src\StartBack.Domain\StartBack.Domain.csproj]
f:\ReportsForLMS\Reports abo bakr source code\START--FRONT\reportsForLMSBE\src\StartBack.Domain\Entities\LookupEnrollmentCode.cs(2,23): error CS0234: The type or namespace name 'Enums' does not exist in the namespace 'Entities.Models' (are you missing an assembly reference?) [f:\ReportsForLMS\Reports abo bakr source code\START--FRONT\reportsForLMSBE\src\StartBack.Domain\StartBack.Domain.csproj]
f:\ReportsForLMS\Reports abo bakr source code\START--FRONT\reportsForLMSBE\src\StartBack.Domain\Entities\Person.cs(2,7): error CS0246: The type or namespace name 'Contracts' could not be found (are you missing a using directive or an assembly reference?) [f:\ReportsForLMS\Reports abo bakr source code\START--FRONT\reportsForLMSBE\src\StartBack.Domain\StartBack.Domain.csproj]
f:\ReportsForLMS\Reports abo bakr source code\START--FRONT\reportsForLMSBE\src\StartBack.Domain\Entities\PersonUniversity.cs(2,7): error CS0246: The type or namespace name 'Contracts' could not be found (are you missing a using directive or an assembly reference?) [f:\ReportsForLMS\Reports abo bakr source code\START--FRONT\reportsForLMSBE\src\StartBack.Domain\StartBack.Domain.csproj]
f:\ReportsForLMS\Reports abo bakr source code\START--FRONT\reportsForLMSBE\src\StartBack.Domain\Entities\Room.cs(2,23): error CS0234: The type or namespace name 'Enums' does not exist in the namespace 'Entities.Models' (are you missing an assembly reference?) [f:\ReportsForLMS\Reports abo bakr source code\START--FRONT\reportsForLMSBE\src\StartBack.Domain\StartBack.Domain.csproj]
f:\ReportsForLMS\Reports abo bakr source code\START--FRONT\reportsForLMSBE\src\StartBack.Domain\Entities\Staff.cs(2,7): error CS0246: The type or namespace name 'Contracts' could not be found (are you missing a using directive or an assembly reference?) [f:\ReportsForLMS\Reports abo bakr source code\START--FRONT\reportsForLMSBE\src\StartBack.Domain\StartBack.Domain.csproj]
f:\ReportsForLMS\Reports abo bakr source code\START--FRONT\reportsForLMSBE\src\StartBack.Domain\Entities\Student.cs(2,7): error CS0246: The type or namespace name 'Contracts' could not be found (are you missing a using directive or an assembly reference?) [f:\ReportsForLMS\Reports abo bakr source code\START--FRONT\reportsForLMSBE\src\StartBack.Domain\StartBack.Domain.csproj]
f:\ReportsForLMS\Reports abo bakr source code\START--FRONT\reportsForLMSBE\src\StartBack.Domain\Entities\DisciplineIncident.cs(71,12): error CS0246: The type or namespace name 'IncidentStatus' could not be found (are you missing a using directive or an assembly reference?) [f:\ReportsForLMS\Reports abo bakr source code\START--FRONT\reportsForLMSBE\src\StartBack.Domain\StartBack.Domain.csproj]
f:\ReportsForLMS\Reports abo bakr source code\START--FRONT\reportsForLMSBE\src\StartBack.Domain\Entities\AcademicCalendarDetail.cs(14,12): error CS0246: The type or namespace name 'HolidayType' could not be found (are you missing a using directive or an assembly reference?) [f:\ReportsForLMS\Reports abo bakr source code\START--FRONT\reportsForLMSBE\src\StartBack.Domain\StartBack.Domain.csproj]
f:\ReportsForLMS\Reports abo bakr source code\START--FRONT\reportsForLMSBE\src\StartBack.Domain\Entities\Guardian.cs(41,12): error CS0246: The type or namespace name 'Gender' could not be found (are you missing a using directive or an assembly reference?) [f:\ReportsForLMS\Reports abo bakr source code\START--FRONT\reportsForLMSBE\src\StartBack.Domain\StartBack.Domain.csproj]
f:\ReportsForLMS\Reports abo bakr source code\START--FRONT\reportsForLMSBE\src\StartBack.Domain\Entities\DisciplineAction.cs(74,12): error CS0246: The type or namespace name 'ActionStatus' could not be found (are you missing a using directive or an assembly reference?) [f:\ReportsForLMS\Reports abo bakr source code\START--FRONT\reportsForLMSBE\src\StartBack.Domain\StartBack.Domain.csproj]
f:\ReportsForLMS\Reports abo bakr source code\START--FRONT\reportsForLMSBE\src\StartBack.Domain\Entities\DisciplineIncidentStudent.cs(8,42): error CS0246: The type or namespace name 'BaseTable' could not be found (are you missing a using directive or an assembly reference?) [f:\ReportsForLMS\Reports abo bakr source code\START--FRONT\reportsForLMSBE\src\StartBack.Domain\StartBack.Domain.csproj]
f:\ReportsForLMS\Reports abo bakr source code\START--FRONT\reportsForLMSBE\src\StartBack.Domain\Entities\Person.cs(18,12): error CS0246: The type or namespace name 'Gender' could not be found (are you missing a using directive or an assembly reference?) [f:\ReportsForLMS\Reports abo bakr source code\START--FRONT\reportsForLMSBE\src\StartBack.Domain\StartBack.Domain.csproj]
f:\ReportsForLMS\Reports abo bakr source code\START--FRONT\reportsForLMSBE\src\StartBack.Domain\Entities\DisciplineIncidentStudent.cs(25,12): error CS0246: The type or namespace name 'IncidentRole' could not be found (are you missing a using directive or an assembly reference?) [f:\ReportsForLMS\Reports abo bakr source code\START--FRONT\reportsForLMSBE\src\StartBack.Domain\StartBack.Domain.csproj]
f:\ReportsForLMS\Reports abo bakr source code\START--FRONT\reportsForLMSBE\src\StartBack.Domain\Entities\GradeScale.cs(14,12): error CS0246: The type or namespace name 'GradingType' could not be found (are you missing a using directive or an assembly reference?) [f:\ReportsForLMS\Reports abo bakr source code\START--FRONT\reportsForLMSBE\src\StartBack.Domain\StartBack.Domain.csproj]
f:\ReportsForLMS\Reports abo bakr source code\START--FRONT\reportsForLMSBE\src\StartBack.Domain\Entities\PersonUniversity.cs(15,12): error CS0246: The type or namespace name 'PersonType' could not be found (are you missing a using directive or an assembly reference?) [f:\ReportsForLMS\Reports abo bakr source code\START--FRONT\reportsForLMSBE\src\StartBack.Domain\StartBack.Domain.csproj]
f:\ReportsForLMS\Reports abo bakr source code\START--FRONT\reportsForLMSBE\src\StartBack.Domain\Entities\LookupAttendanceCode.cs(42,12): error CS0246: The type or namespace name 'AttendanceType' could not be found (are you missing a using directive or an assembly reference?) [f:\ReportsForLMS\Reports abo bakr source code\START--FRONT\reportsForLMSBE\src\StartBack.Domain\StartBack.Domain.csproj]
f:\ReportsForLMS\Reports abo bakr source code\START--FRONT\reportsForLMSBE\src\StartBack.Domain\Entities\Student.cs(60,12): error CS0246: The type or namespace name 'Gender' could not be found (are you missing a using directive or an assembly reference?) [f:\ReportsForLMS\Reports abo bakr source code\START--FRONT\reportsForLMSBE\src\StartBack.Domain\StartBack.Domain.csproj]
f:\ReportsForLMS\Reports abo bakr source code\START--FRONT\reportsForLMSBE\src\StartBack.Domain\Entities\Staff.cs(54,12): error CS0246: The type or namespace name 'Gender' could not be found (are you missing a using directive or an assembly reference?) [f:\ReportsForLMS\Reports abo bakr source code\START--FRONT\reportsForLMSBE\src\StartBack.Domain\StartBack.Domain.csproj]
    3 Warning(s)
    25 Error(s)

Time Elapsed 00:00:01.81
