  Determining projects to restore...
F:\ReportsForLMS\Reports abo bakr source code\START--FRONT\reportsForLMSBE\src\StartBack.Api\StartBack.Api.csproj : warning NU1603: InsightEngine.Infrastructure 1.0.42 depends on SqlKata (>= 3.0.0) but SqlKata 3.0.0 was not found. SqlKata 3.2.3 was resolved instead. [F:\ReportsForLMS\Reports abo bakr source code\START--FRONT\reportsForLMSBE\StartBack.sln]
F:\ReportsForLMS\Reports abo bakr source code\START--FRONT\reportsForLMSBE\src\StartBack.Api\StartBack.Api.csproj : warning NU1603: InsightEngine.Infrastructure 1.0.42 depends on SqlKata.Execution (>= 3.0.0) but SqlKata.Execution 3.0.0 was not found. SqlKata.Execution 3.2.3 was resolved instead. [F:\ReportsForLMS\Reports abo bakr source code\START--FRONT\reportsForLMSBE\StartBack.sln]
  All projects are up-to-date for restore.
  StartBack.Domain -> F:\ReportsForLMS\Reports abo bakr source code\START--FRONT\reportsForLMSBE\src\StartBack.Domain\bin\Debug\net9.0\StartBack.Domain.dll
F:\ReportsForLMS\Reports abo bakr source code\START--FRONT\reportsForLMSBE\src\StartBack.Api\StartBack.Api.csproj : warning NU1603: InsightEngine.Infrastructure 1.0.42 depends on SqlKata (>= 3.0.0) but SqlKata 3.0.0 was not found. SqlKata 3.2.3 was resolved instead.
F:\ReportsForLMS\Reports abo bakr source code\START--FRONT\reportsForLMSBE\src\StartBack.Api\StartBack.Api.csproj : warning NU1603: InsightEngine.Infrastructure 1.0.42 depends on SqlKata.Execution (>= 3.0.0) but SqlKata.Execution 3.0.0 was not found. SqlKata.Execution 3.2.3 was resolved instead.
  StartBack.Application -> F:\ReportsForLMS\Reports abo bakr source code\START--FRONT\reportsForLMSBE\src\StartBack.Application\bin\Debug\net9.0\StartBack.Application.dll
  StartBack.Infrastructure -> F:\ReportsForLMS\Reports abo bakr source code\START--FRONT\reportsForLMSBE\src\StartBack.Infrastructure\bin\Debug\net9.0\StartBack.Infrastructure.dll
F:\ReportsForLMS\Reports abo bakr source code\START--FRONT\reportsForLMSBE\src\StartBack.Api\Controllers\RolesController.cs(4,7): warning CS0105: The using directive for 'StartBack.Application.Abstractions' appeared previously in this namespace [F:\ReportsForLMS\Reports abo bakr source code\START--FRONT\reportsForLMSBE\src\StartBack.Api\StartBack.Api.csproj]
F:\ReportsForLMS\Reports abo bakr source code\START--FRONT\reportsForLMSBE\src\StartBack.Api\Program.cs(56,32): error CS0266: Cannot implicitly convert type 'InsightEngine.Infrastructure.Configuration.DatabaseProviderType' to 'InsightEngine.Core.Domain.DatabaseProviderType'. An explicit conversion exists (are you missing a cast?) [F:\ReportsForLMS\Reports abo bakr source code\START--FRONT\reportsForLMSBE\src\StartBack.Api\StartBack.Api.csproj]
F:\ReportsForLMS\Reports abo bakr source code\START--FRONT\reportsForLMSBE\src\StartBack.Api\Controllers\ReportsController.cs(253,23): warning CS8602: Dereference of a possibly null reference. [F:\ReportsForLMS\Reports abo bakr source code\START--FRONT\reportsForLMSBE\src\StartBack.Api\StartBack.Api.csproj]
F:\ReportsForLMS\Reports abo bakr source code\START--FRONT\reportsForLMSBE\src\StartBack.Api\Controllers\ReportsController.cs(256,67): warning CS8604: Possible null reference argument for parameter 'sql' in 'Task<PaginatedResult<Dictionary<string, object>>> PostgreSqlExecutor.ExecuteQueryAsync(string sql, NpgsqlParameter[] parameters, FindOptions? findOptions = null)'. [F:\ReportsForLMS\Reports abo bakr source code\START--FRONT\reportsForLMSBE\src\StartBack.Api\StartBack.Api.csproj]
F:\ReportsForLMS\Reports abo bakr source code\START--FRONT\reportsForLMSBE\src\StartBack.Api\Controllers\ReportsController.cs(274,33): warning CS8604: Possible null reference argument for parameter 'source' in 'IOrderedEnumerable<ReportParameterDto> Enumerable.OrderBy<ReportParameterDto, int?>(IEnumerable<ReportParameterDto> source, Func<ReportParameterDto, int?> keySelector)'. [F:\ReportsForLMS\Reports abo bakr source code\START--FRONT\reportsForLMSBE\src\StartBack.Api\StartBack.Api.csproj]
F:\ReportsForLMS\Reports abo bakr source code\START--FRONT\reportsForLMSBE\src\StartBack.Api\Controllers\ReportsController.cs(280,27): warning CS8602: Dereference of a possibly null reference. [F:\ReportsForLMS\Reports abo bakr source code\START--FRONT\reportsForLMSBE\src\StartBack.Api\StartBack.Api.csproj]
F:\ReportsForLMS\Reports abo bakr source code\START--FRONT\reportsForLMSBE\src\StartBack.Api\Controllers\ReportsController.cs(282,77): warning CS8604: Possible null reference argument for parameter 'sql' in 'Task<object?> PostgreSqlExecutor.ExecuteScalarAsync(string sql, NpgsqlParameter[] parameters)'. [F:\ReportsForLMS\Reports abo bakr source code\START--FRONT\reportsForLMSBE\src\StartBack.Api\StartBack.Api.csproj]

Build FAILED.

F:\ReportsForLMS\Reports abo bakr source code\START--FRONT\reportsForLMSBE\src\StartBack.Api\StartBack.Api.csproj : warning NU1603: InsightEngine.Infrastructure 1.0.42 depends on SqlKata (>= 3.0.0) but SqlKata 3.0.0 was not found. SqlKata 3.2.3 was resolved instead. [F:\ReportsForLMS\Reports abo bakr source code\START--FRONT\reportsForLMSBE\StartBack.sln]
F:\ReportsForLMS\Reports abo bakr source code\START--FRONT\reportsForLMSBE\src\StartBack.Api\StartBack.Api.csproj : warning NU1603: InsightEngine.Infrastructure 1.0.42 depends on SqlKata.Execution (>= 3.0.0) but SqlKata.Execution 3.0.0 was not found. SqlKata.Execution 3.2.3 was resolved instead. [F:\ReportsForLMS\Reports abo bakr source code\START--FRONT\reportsForLMSBE\StartBack.sln]
F:\ReportsForLMS\Reports abo bakr source code\START--FRONT\reportsForLMSBE\src\StartBack.Api\StartBack.Api.csproj : warning NU1603: InsightEngine.Infrastructure 1.0.42 depends on SqlKata (>= 3.0.0) but SqlKata 3.0.0 was not found. SqlKata 3.2.3 was resolved instead.
F:\ReportsForLMS\Reports abo bakr source code\START--FRONT\reportsForLMSBE\src\StartBack.Api\StartBack.Api.csproj : warning NU1603: InsightEngine.Infrastructure 1.0.42 depends on SqlKata.Execution (>= 3.0.0) but SqlKata.Execution 3.0.0 was not found. SqlKata.Execution 3.2.3 was resolved instead.
F:\ReportsForLMS\Reports abo bakr source code\START--FRONT\reportsForLMSBE\src\StartBack.Api\Controllers\RolesController.cs(4,7): warning CS0105: The using directive for 'StartBack.Application.Abstractions' appeared previously in this namespace [F:\ReportsForLMS\Reports abo bakr source code\START--FRONT\reportsForLMSBE\src\StartBack.Api\StartBack.Api.csproj]
F:\ReportsForLMS\Reports abo bakr source code\START--FRONT\reportsForLMSBE\src\StartBack.Api\Controllers\ReportsController.cs(253,23): warning CS8602: Dereference of a possibly null reference. [F:\ReportsForLMS\Reports abo bakr source code\START--FRONT\reportsForLMSBE\src\StartBack.Api\StartBack.Api.csproj]
F:\ReportsForLMS\Reports abo bakr source code\START--FRONT\reportsForLMSBE\src\StartBack.Api\Controllers\ReportsController.cs(256,67): warning CS8604: Possible null reference argument for parameter 'sql' in 'Task<PaginatedResult<Dictionary<string, object>>> PostgreSqlExecutor.ExecuteQueryAsync(string sql, NpgsqlParameter[] parameters, FindOptions? findOptions = null)'. [F:\ReportsForLMS\Reports abo bakr source code\START--FRONT\reportsForLMSBE\src\StartBack.Api\StartBack.Api.csproj]
F:\ReportsForLMS\Reports abo bakr source code\START--FRONT\reportsForLMSBE\src\StartBack.Api\Controllers\ReportsController.cs(274,33): warning CS8604: Possible null reference argument for parameter 'source' in 'IOrderedEnumerable<ReportParameterDto> Enumerable.OrderBy<ReportParameterDto, int?>(IEnumerable<ReportParameterDto> source, Func<ReportParameterDto, int?> keySelector)'. [F:\ReportsForLMS\Reports abo bakr source code\START--FRONT\reportsForLMSBE\src\StartBack.Api\StartBack.Api.csproj]
F:\ReportsForLMS\Reports abo bakr source code\START--FRONT\reportsForLMSBE\src\StartBack.Api\Controllers\ReportsController.cs(280,27): warning CS8602: Dereference of a possibly null reference. [F:\ReportsForLMS\Reports abo bakr source code\START--FRONT\reportsForLMSBE\src\StartBack.Api\StartBack.Api.csproj]
F:\ReportsForLMS\Reports abo bakr source code\START--FRONT\reportsForLMSBE\src\StartBack.Api\Controllers\ReportsController.cs(282,77): warning CS8604: Possible null reference argument for parameter 'sql' in 'Task<object?> PostgreSqlExecutor.ExecuteScalarAsync(string sql, NpgsqlParameter[] parameters)'. [F:\ReportsForLMS\Reports abo bakr source code\START--FRONT\reportsForLMSBE\src\StartBack.Api\StartBack.Api.csproj]
F:\ReportsForLMS\Reports abo bakr source code\START--FRONT\reportsForLMSBE\src\StartBack.Api\Program.cs(56,32): error CS0266: Cannot implicitly convert type 'InsightEngine.Infrastructure.Configuration.DatabaseProviderType' to 'InsightEngine.Core.Domain.DatabaseProviderType'. An explicit conversion exists (are you missing a cast?) [F:\ReportsForLMS\Reports abo bakr source code\START--FRONT\reportsForLMSBE\src\StartBack.Api\StartBack.Api.csproj]
    10 Warning(s)
    1 Error(s)

Time Elapsed 00:00:01.05
